// Jest Snapshot v1, https://goo.gl/fbAQLP

exports[`Sidebar component matches snapshot 1`] = `
<DocumentFragment>
  <div
    class="sidebar"
    data-testid="sidebar"
  >
    <div>
      <div
        class="logo"
        data-testid="logo"
      >
        <a
          href="/admin"
        >
          <img
            alt="logo"
            class="logo__image"
            src=""
          />
        </a>
        <div
          class="logo__text-group"
        >
          <span
            class="logo__text"
          >
            Guess The Picture
          </span>
          <span
            class="logo__text--addon"
          >
            Gamespace
          </span>
        </div>
      </div>
      <ul>
        <li
          class="sidebar__add"
        >
          <a
            class="sidebar__add-link"
            href="/add-question"
          >
            <svg
              aria-hidden="true"
              class="svg-inline--fa fa-circle-plus "
              data-icon="circle-plus"
              data-prefix="fas"
              focusable="false"
              role="img"
              viewBox="0 0 512 512"
              xmlns="http://www.w3.org/2000/svg"
            >
              <path
                d="M0 256C0 114.6 114.6 0 256 0C397.4 0 512 114.6 512 256C512 397.4 397.4 512 256 512C114.6 512 0 397.4 0 256zM256 368C269.3 368 280 357.3 280 344V280H344C357.3 280 368 269.3 368 256C368 242.7 357.3 232 344 232H280V168C280 154.7 269.3 144 256 144C242.7 144 232 154.7 232 168V232H168C154.7 232 144 242.7 144 256C144 269.3 154.7 280 168 280H232V344C232 357.3 242.7 368 256 368z"
                fill="currentColor"
              />
            </svg>
            <span
              class="sidebar__add-text"
            >
              Add question
            </span>
          </a>
        </li>
      </ul>
    </div>
    <div
      class="user-panel sidebar__user-panel"
    >
      <div
        class="user-panel__avt-group"
        data-testid="user-panel"
      >
        <button
          class="chakra-button user-panel__btn css-4xx2wk"
          data-testid="user-panel-btn"
          type="button"
        >
          <div
            class="user-panel__avatar"
          >
            <span>
              TN
            </span>
          </div>
          <span
            class="user-panel__username"
            data-testid="username"
          >
            Trang Nguyen
          </span>
        </button>
      </div>
    </div>
  </div>
</DocumentFragment>
`;
